// Jest Snapshot v1, https://goo.gl/fbAQLP

exports[`Page Component 1`] = `"<html><head><title>test</title><link href=\\"/dist/site.css\\" rel=\\"stylesheet\\"/><link href=\\"/dist/app.css\\" rel=\\"stylesheet\\"/><styled-components></styled-components></head><body><script type=\\"text/javascript\\">if(!((window.Object&&window.Object.assign)&&window.fetch&&Array.prototype.includes&&window.Map&&window.Promise&&window.Set))document.write('<script type=\\"text/javascript\\" src=\\"/dist/polyfills.js\\" defer=\\"\\"><\\\\/script>');</script><script type=\\"text/javascript\\" src=\\"/dist/app.js\\" defer=\\"\\"></script><div id=\\"composition-app\\"><div data-type=\\"div\\" data-id=\\"abc\\"><div data-error-component=\\"fail\\" data-error-id=\\"def\\" data-error-message=\\"fail\\"></div><div data-type=\\"div\\" data-id=\\"xyz\\"></div></div></div><script type=\\"text/javascript\\">window.__DATA__={\\"id\\":\\"composition-app\\",\\"singlePage\\":true}</script></body></html>"`;
